// 重构日志: f736282d
// 重构日志: 78a99407
// 重构日志: 5ca17d3d
// 同步 ID: c2ecbb94 @ Sun Jul 19 17:42:26 UTC 2026
// 同步 ID: 9564de30 @ Mon Jul 20 01:06:48 UTC 2026
// 重构日志: 3dd5671e
// 同步 ID: 602a3864 @ Tue Jul 21 01:34:12 UTC 2026
// 重构日志: 44e5f363
// 重构日志: 340af8fa
// 重构日志: dfbec502
// 重构日志: b8d32151
// 重构日志: 89f1284f
// 同步 ID: 1f1287f3 @ Sun Jul 26 23:30:09 UTC 2026
// 同步 ID: 98a1af75 @ Mon Jul 27 12:52:53 UTC 2026
// 同步 ID: 12a52992 @ Mon Jul 27 16:28:18 UTC 2026
// 重构日志: 610bf3e7
// 同步 ID: e85ee66f @ Tue Jul 28 13:17:53 UTC 2026
// 同步 ID: 146ebd6f @ Wed Jul 29 01:13:24 UTC 2026
// 同步 ID: c16d2dc5 @ Wed Jul 29 13:08:03 UTC 2026
// 同步 ID: 1811fedb @ Thu Jul 30 14:45:09 UTC 2026
// 重构日志: 07aba71a
// 重构日志: 290adfc9
// 重构日志: e8bda107
// 重构日志: 732faf24
// 同步 ID: 3a5f2224 @ Sat Aug  1 14:12:11 UTC 2026
// 重构日志: bd63e0ec
// 同步 ID: f222a99e @ Thu Aug  6 05:23:30 UTC 2026
// 同步 ID: c2a9ff3c @ Thu Aug  6 13:49:51 UTC 2026
// 重构日志: ead8b8d8
// 同步 ID: 35ed3633 @ Fri Aug  7 03:59:14 UTC 2026
